<html>
<body>
<pre>
<h1>µVision Build Log</h1>
<h2>Project:</h2>
E:\v24he7g1\REAL_TIME_VEHICLE_MONITORING_SYSTEM\majorproject.uvproj
Project File Date:  08/06/2025

<h2>Output:</h2>
Build target 'Target 1'
assembling Startup.s...
compiling adc.c...
compiling can.c...
compiling delay.c...
compiling FUEL_NODE.c...
can_defines.h(5): warning:  #47-D: incompatible redefinition of macro "PCLK" (declared at line 4 of "adc_defines.h")
can_defines.h:   #define PCLK       60000000  //Hz    
can_defines.h:           ^
can_defines.h: FUEL_NODE.c: 1 warning, 0 errors
compiling i2c.c...
compiling INDICATOR_NODE.c...
compiling interrupt.c...
compiling lcd.c...
compiling MAIN_NODE.c...
linking...
majorproject.axf: Error: L6200E: Symbol __ARM_use_no_argv multiply defined (by indicator_node.o and fuel_node.o).
majorproject.axf: Error: L6200E: Symbol __ARM_use_no_argv multiply defined (by main_node.o and fuel_node.o).
majorproject.axf: Error: L6200E: Symbol adcval multiply defined (by main_node.o and fuel_node.o).
majorproject.axf: Error: L6200E: Symbol main multiply defined (by indicator_node.o and fuel_node.o).
majorproject.axf: Error: L6200E: Symbol main multiply defined (by main_node.o and fuel_node.o).
majorproject.axf: Error: L6200E: Symbol rxF multiply defined (by main_node.o and indicator_node.o).
majorproject.axf: Not enough information to list image symbols.
majorproject.axf: Not enough information to list the image map.
majorproject.axf: Finished: 2 information, 0 warning and 6 error messages.
Target not created
Build target 'Target 1'
assembling Startup.s...
compiling adc.c...
compiling can.c...
compiling delay.c...
compiling FUEL_NODE.c...
can_defines.h(5): warning:  #47-D: incompatible redefinition of macro "PCLK" (declared at line 4 of "adc_defines.h")
can_defines.h:   #define PCLK       60000000  //Hz    
can_defines.h:           ^
can_defines.h: FUEL_NODE.c: 1 warning, 0 errors
compiling i2c.c...
compiling interrupt.c...
compiling lcd.c...
compiling MAIN_NODE.c...
linking...
majorproject.axf: Error: L6200E: Symbol __ARM_use_no_argv multiply defined (by main_node.o and fuel_node.o).
majorproject.axf: Error: L6200E: Symbol adcval multiply defined (by main_node.o and fuel_node.o).
majorproject.axf: Error: L6200E: Symbol main multiply defined (by main_node.o and fuel_node.o).
majorproject.axf: Not enough information to list image symbols.
majorproject.axf: Not enough information to list the image map.
majorproject.axf: Finished: 2 information, 0 warning and 3 error messages.
Target not created
Build target 'Target 1'
assembling Startup.s...
compiling adc.c...
compiling can.c...
compiling delay.c...
compiling i2c.c...
compiling interrupt.c...
compiling lcd.c...
compiling MAIN_NODE.c...
linking...
Program Size: Code=5480 RO-data=32 RW-data=64 ZI-data=1288  
"majorproject.axf" - 0 Error(s), 0 Warning(s).
